Total n:	4
Total seq:	16 bp
Avg. seq:	4.00 bp
Median seq:	4.00 bp
N 50:		4 bp
Min seq:	4 bp
Max seq:	4 bp
