FASTQ quality string length (0) does not match sequence length (4).
