Total n:	3
Total seq:	17 bp
Avg. seq:	5.67 bp
Median seq:	4.00 bp
N 50:		12 bp
Min seq:	1 bp
Max seq:	12 bp
