Total n:	2
Total seq:	12 bp
Avg. seq:	6.00 bp
Median seq:	6.00 bp
N 50:		8 bp
Min seq:	4 bp
Max seq:	8 bp
