Total n:	1
Total seq:	8 bp
Avg. seq:	8.00 bp
Median seq:	8.00 bp
N 50:		8 bp
Min seq:	8 bp
Max seq:	8 bp
