Total n:	4
Total seq:	12 bp
Avg. seq:	3.00 bp
Median seq:	3.00 bp
N 50:		4 bp
Min seq:	1 bp
Max seq:	5 bp

