Total n:	5
Total seq:	18 bp
Avg. seq:	3.60 bp
Median seq:	4.00 bp
N 50:		5 bp
Min seq:	1 bp
Max seq:	6 bp

