Total n:	4
Total seq:	10 bp
Avg. seq:	2.50 bp
Median seq:	2.50 bp
N 50:		3 bp
Min seq:	1 bp
Max seq:	4 bp

