Total n:	0
Total seq:	0 bp
Avg. seq:	0.00 bp
Median seq:	0.00 bp
N 50:		0 bp
Min seq:	0 bp
Max seq:	0 bp
